1. install the Git from https://git-scm.com/download/win
2. Open command prompt
3. Check the versin by executing the command "git --version", this makes sure that git is installed on you local machine.
4. Make dir by executing the command "mkdir devops" ( "devops" your git reposity name that you wish to use).
5. Creat some file or folder 
6. Now we have create the git reposity so that we cad file/folder to git repsitory, and the command is "git init"
7. Add the files or folder to dir by executing the command "git add . "
8. Confirm the added files by using the command "git status"
9. Now we have to commit the files to git respository by using the command "git commit -m "Initial Commit"(some words about your commit)"

---------------------------------
check the config list "git config --list"
command to create the user name in case its missing - "git config  --global user.name "Santosh M" "
command to create the user email in case its missing - "git config --global user.email "sanm3@publicisgroup.net""


sample git executed
--------------------------
Microsoft Windows [Version 10.0.18363.1443]
(c) 2019 Microsoft Corporation. All rights reserved.

C:\Users\sanm3>git --version
git version 2.31.1.windows.1

C:\Users\sanm3>mkdir devops

C:\Users\sanm3>cd devops

C:\Users\sanm3\devops>echo "This is fileA" > FileA.txt

C:\Users\sanm3\devops>echo "This is fileB" > FileB.txt

C:\Users\sanm3\devops>dir
 Volume in drive C is OSDisk
 Volume Serial Number is CA6E-D10D

 Directory of C:\Users\sanm3\devops

05/06/2021  12:14 PM    <DIR>          .
05/06/2021  12:14 PM    <DIR>          ..
05/06/2021  12:13 PM                18 FileA.txt
05/06/2021  12:14 PM                18 FileB.txt
               2 File(s)             36 bytes
               2 Dir(s)  143,057,285,120 bytes free

C:\Users\sanm3\devops>more FileA.txt
"This is fileA"

C:\Users\sanm3\devops>more FileB.txt
"This is fileB"

C:\Users\sanm3\devops>git init
Initialized empty Git repository in C:/Users/sanm3/devops/.git/

C:\Users\sanm3\devops>git add .

C:\Users\sanm3\devops>git ststus
git: 'ststus' is not a git command. See 'git --help'.

The most similar command is
        status

C:\Users\sanm3\devops>git status
On branch master

No commits yet

Changes to be committed:
  (use "git rm --cached <file>..." to unstage)
        new file:   FileA.txt
        new file:   FileB.txt


C:\Users\sanm3\devops>git commit -m "Initial Commit"
[master (root-commit) f120d7a] Initial Commit
 Committer: Santosh M <sanm3@publicisgroupe.net>
Your name and email address were configured automatically based
on your username and hostname. Please check that they are accurate.
You can suppress this message by setting them explicitly. Run the
following command and follow the instructions in your editor to edit
your configuration file:

    git config --global --edit

After doing this, you may fix the identity used for this commit with:

    git commit --amend --reset-author

 2 files changed, 2 insertions(+)
 create mode 100644 FileA.txt
 create mode 100644 FileB.txt

C:\Users\sanm3\devops>git status
On branch master
nothing to commit, working tree clean

C:\Users\sanm3\devops>git log
commit f120d7ac87bfdffbe69aeaadf3b1002e9cbaeaa6 (HEAD -> master)
Author: Santosh M <sanm3@publicisgroupe.net>
Date:   Thu May 6 12:20:09 2021 +0530

    Initial Commit

C:\Users\sanm3\devops>git config --list
diff.astextplain.textconv=astextplain
filter.lfs.clean=git-lfs clean -- %f
filter.lfs.smudge=git-lfs smudge -- %f
filter.lfs.process=git-lfs filter-process
filter.lfs.required=true
http.sslbackend=openssl
http.sslcainfo=C:/Program Files/Git/mingw64/ssl/certs/ca-bundle.crt
core.autocrlf=true
core.fscache=true
core.symlinks=false
pull.rebase=false
credential.helper=manager-core
credential.https://dev.azure.com.usehttppath=true
init.defaultbranch=master
core.repositoryformatversion=0
core.filemode=false
core.bare=false
core.logallrefupdates=true
core.symlinks=false
core.ignorecase=true

C:\Users\sanm3\devops>git config  --global user.name "Santosh M"

C:\Users\sanm3\devops>
C:\Users\sanm3\devops>
C:\Users\sanm3\devops>git config --global user.email "sanm3@publicisgroup.net"

C:\Users\sanm3\devops>git config --list
diff.astextplain.textconv=astextplain
filter.lfs.clean=git-lfs clean -- %f
filter.lfs.smudge=git-lfs smudge -- %f
filter.lfs.process=git-lfs filter-process
filter.lfs.required=true
http.sslbackend=openssl
http.sslcainfo=C:/Program Files/Git/mingw64/ssl/certs/ca-bundle.crt
core.autocrlf=true
core.fscache=true
core.symlinks=false
pull.rebase=false
credential.helper=manager-core
credential.https://dev.azure.com.usehttppath=true
init.defaultbranch=master
user.name=Santosh M
user.email=sanm3@publicisgroup.net
core.repositoryformatversion=0
core.filemode=false
core.bare=false
core.logallrefupdates=true
core.symlinks=false
core.ignorecase=true

C:\Users\sanm3\devops>git config --global user.email "sanm3@publicisgroup.net"cd\

C:\Users\sanm3\devops>git status
On branch master
Changes not staged for commit:
  (use "git add <file>..." to update what will be committed)
  (use "git restore <file>..." to discard changes in working directory)
        modified:   FileA.txt

no changes added to commit (use "git add" and/or "git commit -a")

C:\Users\sanm3\devops>git add FileA.txt

C:\Users\sanm3\devops>git status
On branch master
Changes to be committed:
  (use "git restore --staged <file>..." to unstage)
        modified:   FileA.txt


C:\Users\sanm3\devops>git commit -m "FileA-Version1"
[master fec5e9d] FileA-Version1
 1 file changed, 1 insertion(+), 1 deletion(-)

C:\Users\sanm3\devops>git status
On branch master
nothing to commit, working tree clean

C:\Users\sanm3\devops>git log
commit fec5e9df49c48be3865f08ba8e760803f91f2b4c (HEAD -> master)
Author: Santosh M <sanm3@publicisgroup.netcd>
Date:   Thu May 6 12:44:30 2021 +0530

    FileA-Version1

commit f120d7ac87bfdffbe69aeaadf3b1002e9cbaeaa6
Author: Santosh M <sanm3@publicisgroupe.net>
Date:   Thu May 6 12:20:09 2021 +0530

    Initial Commit

C:\Users\sanm3\devops>git status
On branch master
Changes not staged for commit:
  (use "git add <file>..." to update what will be committed)
  (use "git restore <file>..." to discard changes in working directory)
        modified:   FileB.txt

no changes added to commit (use "git add" and/or "git commit -a")

C:\Users\sanm3\devops>git diff
diff --git a/FileB.txt b/FileB.txt
index d888ad3..b56bd2a 100644
--- a/FileB.txt
+++ b/FileB.txt
@@ -1 +1 @@
-"This is fileB"
+"This is fileB - Version1"

C:\Users\sanm3\devops>git add FileB.txt

C:\Users\sanm3\devops>git status
On branch master
Changes to be committed:
  (use "git restore --staged <file>..." to unstage)
        modified:   FileB.txt


C:\Users\sanm3\devops>git commit -m "FileB.Version1"
[master eb37c0a] FileB.Version1
 1 file changed, 1 insertion(+), 1 deletion(-)

C:\Users\sanm3\devops>git log
commit eb37c0a2e50bdd8cc891affa2c21d12e2423a92d (HEAD -> master)
Author: Santosh M <sanm3@publicisgroup.netcd>
Date:   Thu May 6 12:47:07 2021 +0530

    FileB.Version1

commit fec5e9df49c48be3865f08ba8e760803f91f2b4c
Author: Santosh M <sanm3@publicisgroup.netcd>
Date:   Thu May 6 12:44:30 2021 +0530

    FileA-Version1

commit f120d7ac87bfdffbe69aeaadf3b1002e9cbaeaa6
Author: Santosh M <sanm3@publicisgroupe.net>
Date:   Thu May 6 12:20:09 2021 +0530

    Initial Commit

C:\Users\sanm3\devops>more FileA.txt
"This is fileA - version 1"

C:\Users\sanm3\devops>more FileB.txt
"This is fileB - Version1"

C:\Users\sanm3\devops>git checkout f120d7ac87bfdffbe69aeaadf3b1002e9cbaeaa6
Note: switching to 'f120d7ac87bfdffbe69aeaadf3b1002e9cbaeaa6'.

You are in 'detached HEAD' state. You can look around, make experimental
changes and commit them, and you can discard any commits you make in this
state without impacting any branches by switching back to a branch.

If you want to create a new branch to retain commits you create, you may
do so (now or later) by using -c with the switch command. Example:

  git switch -c <new-branch-name>

Or undo this operation with:

  git switch -

Turn off this advice by setting config variable advice.detachedHead to false

HEAD is now at f120d7a Initial Commit

C:\Users\sanm3\devops>more FileA.txt
"This is fileA"

C:\Users\sanm3\devops>more FileB.txt
"This is fileB"

C:\Users\sanm3\devops>git checkout fec5e9df49c48be3865f08ba8e760803f91f2b4c
Previous HEAD position was f120d7a Initial Commit
HEAD is now at fec5e9d FileA-Version1

C:\Users\sanm3\devops>more FileA.txt
"This is fileA - version 1"

C:\Users\sanm3\devops>git checkout eb37c0a2e50bdd8cc891affa2c21d12e2423a92d.
error: pathspec 'eb37c0a2e50bdd8cc891affa2c21d12e2423a92d.' did not match any file(s) known to git

C:\Users\sanm3\devops>git checkout eb37c0a2e50bdd8cc891affa2c21d12e2423a92d
Previous HEAD position was fec5e9d FileA-Version1
HEAD is now at eb37c0a FileB.Version1

C:\Users\sanm3\devops>more FileB.txt
"This is fileB - Version1"